Iniciando monitoramento de múltiplas branches no repositório https://github.com/GabsTheFlaks/App-Social-media.git...
Verificação a cada 60 segundos.
[2026-05-27 05:08:30] Verificando branches...
  - Branch 'fix/security' AINDA NÃO existe.
  - Branch 'feat/pwa' AINDA NÃO existe.
  - Branch 'refactor/upload' AINDA NÃO existe.
  - Branch 'feat/quality' AINDA NÃO existe.
[2026-05-27 05:08:30] Algumas branches ainda faltam. Tentando novamente em 60 segundos...
[2026-05-27 05:09:31] Verificando branches...
  - Branch 'fix/security' AINDA NÃO existe.
  - Branch 'feat/pwa' AINDA NÃO existe.
  - Branch 'refactor/upload' AINDA NÃO existe.
  - Branch 'feat/quality' AINDA NÃO existe.
[2026-05-27 05:09:31] Algumas branches ainda faltam. Tentando novamente em 60 segundos...
[2026-05-27 05:10:32] Verificando branches...
  - Branch 'fix/security' AINDA NÃO existe.
  - Branch 'feat/pwa' AINDA NÃO existe.
  - Branch 'refactor/upload' AINDA NÃO existe.
  - Branch 'feat/quality' AINDA NÃO existe.
[2026-05-27 05:10:32] Algumas branches ainda faltam. Tentando novamente em 60 segundos...
[2026-05-27 05:22:02] Verificando branches...
  - Branch 'fix/security' AINDA NÃO existe.
  - Branch 'feat/pwa' AINDA NÃO existe.
  - Branch 'refactor/upload' AINDA NÃO existe.
  - Branch 'feat/quality' AINDA NÃO existe.
[2026-05-27 05:22:02] Algumas branches ainda faltam. Tentando novamente em 60 segundos...
[2026-05-27 05:23:03] Verificando branches...
  - Branch 'fix/security' AINDA NÃO existe.
  - Branch 'feat/pwa' AINDA NÃO existe.
  - Branch 'refactor/upload' AINDA NÃO existe.
  - Branch 'feat/quality' AINDA NÃO existe.
[2026-05-27 05:23:03] Algumas branches ainda faltam. Tentando novamente em 60 segundos...
[2026-05-27 05:24:04] Verificando branches...
  - Branch 'fix/security' AINDA NÃO existe.
  - Branch 'feat/pwa' AINDA NÃO existe.
  - Branch 'refactor/upload' AINDA NÃO existe.
  - Branch 'feat/quality' AINDA NÃO existe.
[2026-05-27 05:24:04] Algumas branches ainda faltam. Tentando novamente em 60 segundos...
